2026-08-23 21:15:25,117 WARNING capsule-rift-bot: Could not set admin commands for admin chat: Telegram server says - Bad Request: chat not found
2026-08-23 21:15:25,196 WARNING capsule-rift-bot: Could not set admin commands for admin chat: Telegram server says - Bad Request: chat not found
2026-08-23 21:15:25,395 INFO capsule-rift-bot: Bot username: @capsulerift_bot
2026-08-23 21:15:25,396 INFO capsule-rift-bot: Database: C:\Users\thisi\OneDrive\Документы\Playground\capsule-rift\capsule_rift.sqlite3
2026-08-23 21:15:25,396 INFO capsule-rift-bot: Mini App URL status: https
2026-08-23 21:15:25,397 INFO aiogram.dispatcher: Start polling
2026-08-23 21:15:25,448 INFO aiogram.dispatcher: Run polling for bot @capsulerift_bot id=8773784968 - 'Capsule Rift'
2026-08-23 21:16:14,759 ERROR aiogram.dispatcher: Failed to fetch updates - TelegramNetworkError: HTTP Client says - ServerDisconnectedError: Server disconnected
2026-08-23 21:16:14,761 WARNING aiogram.dispatcher: Sleep for 1.000000 seconds and try again... (tryings = 0, bot id = 8773784968)
2026-08-23 21:16:26,014 INFO aiogram.dispatcher: Connection established (tryings = 1, bot id = 8773784968)
2026-08-23 21:17:23,522 INFO capsule-rift-bot: /start from 853683118 source=-
2026-08-23 21:17:23,872 INFO aiogram.event: Update id=15537981 is handled. Duration 342 ms by bot id=8773784968
2026-08-23 21:17:26,699 INFO capsule-rift-bot: admin panel opened by 853683118
2026-08-23 21:17:26,794 INFO aiogram.event: Update id=15537982 is handled. Duration 94 ms by bot id=8773784968
2026-08-23 21:21:43,969 INFO capsule-rift-bot: /start from 7691991148 source=-
2026-08-23 21:21:44,065 INFO aiogram.event: Update id=15537983 is handled. Duration 92 ms by bot id=8773784968
2026-08-23 22:42:11,333 ERROR aiogram.dispatcher: Failed to fetch updates - TelegramNetworkError: HTTP Client says - Request timeout error
2026-08-23 22:42:11,334 WARNING aiogram.dispatcher: Sleep for 1.000000 seconds and try again... (tryings = 0, bot id = 8773784968)
2026-08-23 22:42:34,160 ERROR aiogram.dispatcher: Failed to fetch updates - TelegramNetworkError: HTTP Client says - ClientOSError: [WinError 121] Превышен таймаут семафора
2026-08-23 22:42:34,161 WARNING aiogram.dispatcher: Sleep for 1.234520 seconds and try again... (tryings = 1, bot id = 8773784968)
2026-08-23 22:42:45,659 INFO aiogram.dispatcher: Connection established (tryings = 2, bot id = 8773784968)
2026-08-23 22:43:04,815 ERROR aiogram.dispatcher: Failed to fetch updates - TelegramNetworkError: HTTP Client says - ServerDisconnectedError: Server disconnected
2026-08-23 22:43:04,816 WARNING aiogram.dispatcher: Sleep for 1.000000 seconds and try again... (tryings = 0, bot id = 8773784968)
2026-08-23 22:43:16,120 INFO aiogram.dispatcher: Connection established (tryings = 1, bot id = 8773784968)
2026-08-23 22:44:25,608 ERROR aiogram.dispatcher: Failed to fetch updates - TelegramNetworkError: HTTP Client says - ServerDisconnectedError: Server disconnected
2026-08-23 22:44:25,609 WARNING aiogram.dispatcher: Sleep for 1.000000 seconds and try again... (tryings = 0, bot id = 8773784968)
2026-08-23 22:44:36,867 INFO aiogram.dispatcher: Connection established (tryings = 1, bot id = 8773784968)
2026-08-23 22:45:26,251 ERROR aiogram.dispatcher: Failed to fetch updates - TelegramNetworkError: HTTP Client says - ServerDisconnectedError: Server disconnected
2026-08-23 22:45:26,251 WARNING aiogram.dispatcher: Sleep for 1.000000 seconds and try again... (tryings = 0, bot id = 8773784968)
2026-08-23 22:45:37,492 INFO aiogram.dispatcher: Connection established (tryings = 1, bot id = 8773784968)
2026-08-23 23:01:52,570 ERROR aiogram.dispatcher: Failed to fetch updates - TelegramNetworkError: HTTP Client says - ServerDisconnectedError: Server disconnected
2026-08-23 23:01:52,572 WARNING aiogram.dispatcher: Sleep for 1.000000 seconds and try again... (tryings = 0, bot id = 8773784968)
2026-08-23 23:02:03,819 INFO aiogram.dispatcher: Connection established (tryings = 1, bot id = 8773784968)
2026-08-23 23:38:33,107 INFO capsule-rift-bot: /start from 939862610 source=-
2026-08-23 23:38:33,416 INFO aiogram.event: Update id=15537984 is handled. Duration 312 ms by bot id=8773784968
2026-08-23 23:56:53,873 INFO capsule-rift-bot: /start from 122718313 source=-
2026-08-23 23:56:53,974 INFO aiogram.event: Update id=15537985 is handled. Duration 109 ms by bot id=8773784968
2026-08-24 00:17:19,522 ERROR aiogram.dispatcher: Failed to fetch updates - TelegramNetworkError: HTTP Client says - ServerDisconnectedError: Server disconnected
2026-08-24 00:17:19,524 WARNING aiogram.dispatcher: Sleep for 1.000000 seconds and try again... (tryings = 0, bot id = 8773784968)
2026-08-24 00:17:30,748 INFO aiogram.dispatcher: Connection established (tryings = 1, bot id = 8773784968)
2026-08-24 00:41:17,191 ERROR aiogram.dispatcher: Failed to fetch updates - TelegramNetworkError: HTTP Client says - ServerDisconnectedError: Server disconnected
2026-08-24 00:41:17,192 WARNING aiogram.dispatcher: Sleep for 1.000000 seconds and try again... (tryings = 0, bot id = 8773784968)
2026-08-24 00:41:28,414 INFO aiogram.dispatcher: Connection established (tryings = 1, bot id = 8773784968)
2026-08-24 00:48:29,551 ERROR aiogram.dispatcher: Failed to fetch updates - TelegramNetworkError: HTTP Client says - ServerDisconnectedError: Server disconnected
2026-08-24 00:48:29,553 WARNING aiogram.dispatcher: Sleep for 1.000000 seconds and try again... (tryings = 0, bot id = 8773784968)
2026-08-24 00:48:45,771 INFO aiogram.dispatcher: Connection established (tryings = 1, bot id = 8773784968)
2026-08-24 01:14:52,977 ERROR aiogram.dispatcher: Failed to fetch updates - TelegramNetworkError: HTTP Client says - ServerDisconnectedError: Server disconnected
2026-08-24 01:14:52,979 WARNING aiogram.dispatcher: Sleep for 1.000000 seconds and try again... (tryings = 0, bot id = 8773784968)
2026-08-24 01:15:04,203 INFO aiogram.dispatcher: Connection established (tryings = 1, bot id = 8773784968)
2026-08-24 04:34:05,893 ERROR aiogram.dispatcher: Failed to fetch updates - TelegramServerError: Telegram server says - Bad Gateway
2026-08-24 04:34:05,895 WARNING aiogram.dispatcher: Sleep for 1.000000 seconds and try again... (tryings = 0, bot id = 8773784968)
2026-08-24 04:34:06,965 ERROR aiogram.dispatcher: Failed to fetch updates - TelegramServerError: Telegram server says - Bad Gateway
2026-08-24 04:34:06,967 WARNING aiogram.dispatcher: Sleep for 1.175814 seconds and try again... (tryings = 1, bot id = 8773784968)
2026-08-24 04:34:08,207 ERROR aiogram.dispatcher: Failed to fetch updates - TelegramServerError: Telegram server says - Bad Gateway
2026-08-24 04:34:08,209 WARNING aiogram.dispatcher: Sleep for 1.414932 seconds and try again... (tryings = 2, bot id = 8773784968)
2026-08-24 04:34:39,785 ERROR aiogram.dispatcher: Failed to fetch updates - TelegramNetworkError: HTTP Client says - Request timeout error
2026-08-24 04:34:39,786 WARNING aiogram.dispatcher: Sleep for 1.542164 seconds and try again... (tryings = 3, bot id = 8773784968)
2026-08-24 04:34:51,535 INFO aiogram.dispatcher: Connection established (tryings = 4, bot id = 8773784968)
2026-08-24 04:50:08,275 ERROR aiogram.dispatcher: Failed to fetch updates - TelegramNetworkError: HTTP Client says - ServerDisconnectedError: Server disconnected
2026-08-24 04:50:08,276 WARNING aiogram.dispatcher: Sleep for 1.000000 seconds and try again... (tryings = 0, bot id = 8773784968)
2026-08-24 04:50:35,538 INFO aiogram.dispatcher: Connection established (tryings = 1, bot id = 8773784968)
2026-08-24 10:10:33,161 ERROR aiogram.dispatcher: Failed to fetch updates - TelegramNetworkError: HTTP Client says - Request timeout error
2026-08-24 10:10:33,162 WARNING aiogram.dispatcher: Sleep for 1.000000 seconds and try again... (tryings = 0, bot id = 8773784968)
2026-08-24 10:10:47,496 INFO aiogram.dispatcher: Connection established (tryings = 1, bot id = 8773784968)
2026-08-24 10:11:27,778 ERROR aiogram.dispatcher: Failed to fetch updates - TelegramNetworkError: HTTP Client says - Request timeout error
2026-08-24 10:11:27,779 WARNING aiogram.dispatcher: Sleep for 1.000000 seconds and try again... (tryings = 0, bot id = 8773784968)
2026-08-24 10:11:38,996 INFO aiogram.dispatcher: Connection established (tryings = 1, bot id = 8773784968)
2026-08-24 11:29:19,024 ERROR aiogram.dispatcher: Failed to fetch updates - TelegramNetworkError: HTTP Client says - ClientOSError: [WinError 1236] Подключение к сети было разорвано локальной системой
2026-08-24 11:29:19,025 WARNING aiogram.dispatcher: Sleep for 1.000000 seconds and try again... (tryings = 0, bot id = 8773784968)
2026-08-24 11:29:23,049 ERROR aiogram.dispatcher: Failed to fetch updates - TelegramNetworkError: HTTP Client says - ClientConnectorError: Cannot connect to host api.telegram.org:443 ssl:default [Подключение к сети было разорвано локальной системой]
2026-08-24 11:29:23,050 WARNING aiogram.dispatcher: Sleep for 1.410728 seconds and try again... (tryings = 1, bot id = 8773784968)
2026-08-24 11:29:34,648 INFO aiogram.dispatcher: Connection established (tryings = 2, bot id = 8773784968)
2026-08-24 11:39:54,023 INFO capsule-rift-bot: /start from 878238758 source=-
2026-08-24 11:39:54,239 INFO aiogram.event: Update id=15537986 is handled. Duration 250 ms by bot id=8773784968
